Starting API server on port 8112...
Waiting for server to start...
Testing URL: http://127.0.0.1:8112/api/forum/me/payments?user_id=test-user-001
Stopping server...
--- Server Output ---

--- Server Errors ---
--- Logging error ---

Traceback (most recent call last):

  File "D:\okx\stock_agent\api_server.py", line 153, in <module>

    from slowapi import _rate_limit_exceeded_handler

ModuleNotFoundError: No module named 'slowapi'



During handling of the above exception, another exception occurred:



Traceback (most recent call last):

  File "C:\Users\a0930\AppData\Local\Programs\Python\Python312\Lib\logging\__init__.py", line 1163, in emit

    stream.write(msg + self.terminator)

UnicodeEncodeError: 'cp950' codec can't encode character '\u26a0' in position 39: illegal multibyte sequence

Call stack:

  File "<frozen runpy>", line 198, in _run_module_as_main

  File "<frozen runpy>", line 88, in _run_code

  File "D:\okx\stock_agent\.venv\Lib\site-packages\uvicorn\__main__.py", line 4, in <module>

    uvicorn.main()

  File "D:\okx\stock_agent\.venv\Lib\site-packages\click\core.py", line 1485, in __call__

    return self.main(*args, **kwargs)

  File "D:\okx\stock_agent\.venv\Lib\site-packages\click\core.py", line 1406, in main

    rv = self.invoke(ctx)

  File "D:\okx\stock_agent\.venv\Lib\site-packages\click\core.py", line 1269, in invoke

    return ctx.invoke(self.callback, **ctx.params)

  File "D:\okx\stock_agent\.venv\Lib\site-packages\click\core.py", line 824, in invoke

    return callback(*args, **kwargs)

  File "D:\okx\stock_agent\.venv\Lib\site-packages\uvicorn\main.py", line 423, in main

    run(

  File "D:\okx\stock_agent\.venv\Lib\site-packages\uvicorn\main.py", line 593, in run

    server.run()

  File "D:\okx\stock_agent\.venv\Lib\site-packages\uvicorn\server.py", line 67, in run

    return asyncio_run(self.serve(sockets=sockets), loop_factory=self.config.get_loop_factory())

  File "C:\Users\a0930\AppData\Local\Programs\Python\Python312\Lib\asyncio\runners.py", line 194, in run

    return runner.run(main)

  File "C:\Users\a0930\AppData\Local\Programs\Python\Python312\Lib\asyncio\runners.py", line 118, in run

    return self._loop.run_until_complete(task)

  File "C:\Users\a0930\AppData\Local\Programs\Python\Python312\Lib\asyncio\base_events.py", line 674, in run_until_complete

    self.run_forever()

  File "C:\Users\a0930\AppData\Local\Programs\Python\Python312\Lib\asyncio\windows_events.py", line 322, in run_forever

    super().run_forever()

  File "C:\Users\a0930\AppData\Local\Programs\Python\Python312\Lib\asyncio\base_events.py", line 641, in run_forever

    self._run_once()

  File "C:\Users\a0930\AppData\Local\Programs\Python\Python312\Lib\asyncio\base_events.py", line 1986, in _run_once

    handle._run()

  File "C:\Users\a0930\AppData\Local\Programs\Python\Python312\Lib\asyncio\events.py", line 88, in _run

    self._context.run(self._callback, *self._args)

  File "D:\okx\stock_agent\.venv\Lib\site-packages\uvicorn\server.py", line 71, in serve

    await self._serve(sockets)

  File "D:\okx\stock_agent\.venv\Lib\site-packages\uvicorn\server.py", line 78, in _serve

    config.load()

  File "D:\okx\stock_agent\.venv\Lib\site-packages\uvicorn\config.py", line 439, in load

    self.loaded_app = import_from_string(self.app)

  File "D:\okx\stock_agent\.venv\Lib\site-packages\uvicorn\importer.py", line 19, in import_from_string

    module = importlib.import_module(module_str)

  File "C:\Users\a0930\AppData\Local\Programs\Python\Python312\Lib\importlib\__init__.py", line 90, in import_module

    return _bootstrap._gcd_import(name[level:], package, level)

  File "<frozen importlib._bootstrap>", line 1387, in _gcd_import

  File "<frozen importlib._bootstrap>", line 1360, in _find_and_load

  File "<frozen importlib._bootstrap>", line 1331, in _find_and_load_unlocked

  File "<frozen importlib._bootstrap>", line 935, in _load_unlocked

  File "<frozen importlib._bootstrap_external>", line 995, in exec_module

  File "<frozen importlib._bootstrap>", line 488, in _call_with_frames_removed

  File "D:\okx\stock_agent\api_server.py", line 161, in <module>

    logger.warning(f"\u26a0\ufe0f Rate limiting not available: {e}")

Message: "\u26a0\ufe0f Rate limiting not available: No module named 'slowapi'"

Arguments: ()


d:/okx/stock_agent/.venv/Scripts/python.exe : Traceback (most
 recent call last):
位於 線路:1 字元:1
+ d:/okx/stock_agent/.venv/Scripts/python.exe d:/okx/stock_ag
ent/tests/ ...
+ ~~~~~~~~~~~~~~~~~~~~~~~~~~~~~~~~~~~~~~~~~~~~~~~~~~~~~~~~~~~
~~~~~~~~~~
    + CategoryInfo          : NotSpecified: (Traceback (most 
    recent call last)::String) [], RemoteException
    + FullyQualifiedErrorId : NativeCommandError
 
  File "D:\okx\stock_agent\.venv\Lib\site-packages\urllib3\co
nnection.py", line 198, in _new_conn
    sock = connection.create_connection(
           ^^^^^^^^^^^^^^^^^^^^^^^^^^^^^
  File "D:\okx\stock_agent\.venv\Lib\site-packages\urllib3\ut
il\connection.py", line 85, in create_connection
    raise err
  File "D:\okx\stock_agent\.venv\Lib\site-packages\urllib3\ut
il\connection.py", line 73, in create_connection
    sock.connect(sa)
ConnectionRefusedError: [WinError 10061] 無法連線，因為目標電腦拒絕連線。

The above exception was the direct cause of the following exc
eption:

Traceback (most recent call last):
  File "D:\okx\stock_agent\.venv\Lib\site-packages\urllib3\co
nnectionpool.py", line 787, in urlopen
    response = self._make_request(
               ^^^^^^^^^^^^^^^^^^^
  File "D:\okx\stock_agent\.venv\Lib\site-packages\urllib3\co
nnectionpool.py", line 493, in _make_request
    conn.request(
  File "D:\okx\stock_agent\.venv\Lib\site-packages\urllib3\co
nnection.py", line 494, in request
    self.endheaders()
  File "C:\Users\a0930\AppData\Local\Programs\Python\Python31
2\Lib\http\client.py", line 1331, in endheaders
    self._send_output(message_body, encode_chunked=encode_chu
nked)
  File "C:\Users\a0930\AppData\Local\Programs\Python\Python31
2\Lib\http\client.py", line 1091, in _send_output
    self.send(msg)
  File "C:\Users\a0930\AppData\Local\Programs\Python\Python31
2\Lib\http\client.py", line 1035, in send
    self.connect()
  File "D:\okx\stock_agent\.venv\Lib\site-packages\urllib3\co
nnection.py", line 325, in connect
    self.sock = self._new_conn()
                ^^^^^^^^^^^^^^^^
  File "D:\okx\stock_agent\.venv\Lib\site-packages\urllib3\co
nnection.py", line 213, in _new_conn
    raise NewConnectionError(
urllib3.exceptions.NewConnectionError: <urllib3.connection.HT
TPConnection object at 0x000002E746FCA540>: Failed to establi
sh a new connection: [WinError 10061] 無法連線，因為目標電腦拒絕連線。

The above exception was the direct cause of the following exc
eption:

Traceback (most recent call last):
  File "D:\okx\stock_agent\.venv\Lib\site-packages\requests\a
dapters.py", line 644, in send
    resp = conn.urlopen(
           ^^^^^^^^^^^^^
  File "D:\okx\stock_agent\.venv\Lib\site-packages\urllib3\co
nnectionpool.py", line 841, in urlopen
    retries = retries.increment(
              ^^^^^^^^^^^^^^^^^^
  File "D:\okx\stock_agent\.venv\Lib\site-packages\urllib3\ut
il\retry.py", line 519, in increment
    raise MaxRetryError(_pool, url, reason) from reason  # ty
pe: ignore[arg-type]
    ^^^^^^^^^^^^^^^^^^^^^^^^^^^^^^^^^^^^^^^^^^^^^^^^^^^
urllib3.exceptions.MaxRetryError: HTTPConnectionPool(host='12
7.0.0.1', port=8112): Max retries exceeded with url: /api/for
um/me/payments?user_id=test-user-001 (Caused by NewConnection
Error('<urllib3.connection.HTTPConnection object at 0x000002E
746FCA540>: Failed to establish a new connection: [WinError 1
0061] 無法連線，因為目標電腦拒絕連線。'))

During handling of the above exception, another exception occ
urred:

Traceback (most recent call last):
  File "d:\okx\stock_agent\tests\reproduce_500.py", line 35, 
in run_test
    response = requests.get(url, headers=headers)
               ^^^^^^^^^^^^^^^^^^^^^^^^^^^^^^^^^^
  File "D:\okx\stock_agent\.venv\Lib\site-packages\requests\a
pi.py", line 73, in get
    return request("get", url, params=params, **kwargs)
           ^^^^^^^^^^^^^^^^^^^^^^^^^^^^^^^^^^^^^^^^^^^^
  File "D:\okx\stock_agent\.venv\Lib\site-packages\requests\a
pi.py", line 59, in request
    return session.request(method=method, url=url, **kwargs)
           ^^^^^^^^^^^^^^^^^^^^^^^^^^^^^^^^^^^^^^^^^^^^^^^^^
  File "D:\okx\stock_agent\.venv\Lib\site-packages\requests\s
essions.py", line 589, in request
    resp = self.send(prep, **send_kwargs)
           ^^^^^^^^^^^^^^^^^^^^^^^^^^^^^^
  File "D:\okx\stock_agent\.venv\Lib\site-packages\requests\s
essions.py", line 703, in send
    r = adapter.send(request, **kwargs)
        ^^^^^^^^^^^^^^^^^^^^^^^^^^^^^^^
  File "D:\okx\stock_agent\.venv\Lib\site-packages\requests\a
dapters.py", line 677, in send
    raise ConnectionError(e, request=request)
requests.exceptions.ConnectionError: HTTPConnectionPool(host=
'127.0.0.1', port=8112): Max retries exceeded with url: /api/
forum/me/payments?user_id=test-user-001 (Caused by NewConnect
ionError('<urllib3.connection.HTTPConnection object at 0x0000
02E746FCA540>: Failed to establish a new connection: [WinErro
r 10061] 無法連線，因為目標電腦拒絕連線。'))

During handling of the above exception, another exception occ
urred:

Traceback (most recent call last):
  File "d:\okx\stock_agent\tests\reproduce_500.py", line 64, 
in <module>
    run_test()
  File "d:\okx\stock_agent\tests\reproduce_500.py", line 48, 
in run_test
    print(f"\u274c Request failed: {e}")
UnicodeEncodeError: 'cp950' codec can't encode character '\u2
74c' in position 0: illegal multibyte sequence
